../Core/Src/main.c:217:6:cb_get_inputs	4
../Core/Src/main.c:460:6:cb_set_outputs	1
../Core/Src/main.c:470:5:main	4
../Core/Src/main.c:642:6:SystemClock_Config	3
../Core/Src/main.c:690:13:MX_CAN1_Init	2
../Core/Src/main.c:727:13:MX_I2C1_Init	2
../Core/Src/main.c:761:13:MX_SPI1_Init	2
../Core/Src/main.c:799:13:MX_SPI2_Init	2
../Core/Src/main.c:837:13:MX_USART1_UART_Init	2
../Core/Src/main.c:870:13:MX_USART6_UART_Init	2
../Core/Src/main.c:901:13:MX_DMA_Init	1
../Core/Src/main.c:928:13:MX_GPIO_Init	1
../Core/Src/main.c:1002:6:StartDefaultTask	1
../Core/Src/main.c:1021:6:Start_lasf_Task	6
../Core/Src/main.c:1081:6:Startrs485	10
../Core/Src/main.c:1157:6:Start_tectile_Task	5
../Core/Src/main.c:1208:6:StartsoesTask	1
../Core/Src/main.c:1234:6:HAL_TIM_PeriodElapsedCallback	2
../Core/Src/main.c:1252:6:Error_Handler	1
